// Jest Snapshot v1, https://goo.gl/fbAQLP

exports[`<LoadingIndicator /> should match snapshot 1`] = `
.c0 {
  margin: auto;
  background-color: rgba(128,128,128 1);
  z-index: 9999;
  position: fixed;
  top: 50%;
  left: 50%;
  -webkit-transform: translate(-50%,-50%);
  -ms-transform: translate(-50%,-50%);
  transform: translate(-50%,-50%);
  font-size: 200px;
}

.c0 div.loader {
  font-size: 100px;
}

.c0 .loaded {
  font-size: 1.2em;
  font-weight: bold;
  margin-bottom: 10px;
}

<div
  class="c0 loader center"
>
  <i
    class="fa fa-cog fa-spin"
  />
</div>
`;

exports[`<LoadingIndicator /> should match snapshot when props changed 1`] = `
.c0 {
  margin: auto;
  background-color: rgba(128,128,128 1);
  z-index: 9999;
  position: fixed;
  top: 50%;
  left: 50%;
  -webkit-transform: translate(-50%,-50%);
  -ms-transform: translate(-50%,-50%);
  transform: translate(-50%,-50%);
  font-size: 200px;
}

.c0 div.loader {
  font-size: 100px;
}

.c0 .loaded {
  font-size: 1.2em;
  font-weight: bold;
  margin-bottom: 10px;
}

<div
  class="c0 loader center"
>
  <i
    class="fa fa-cog fa-spin"
  />
</div>
`;
